2025-04-15 01:31:33.462210 - Received CBT.V508.FILE323.PDS from FILE323.XMI 
2025-04-15 01:31:33.465903 - Found $$$#DATE.txt (text/plain) in CBT.V508.FILE323.PDS, moved to PDS/$$$#DATE
2025-04-15 01:31:33.466230 - Found $$$ABOUT.txt (text/plain) in CBT.V508.FILE323.PDS, moved to PDS/$$$ABOUT
2025-04-15 01:31:33.466611 - Found $$$DESCR.txt (text/plain) in CBT.V508.FILE323.PDS, moved to PDS/$$$DESCR
2025-04-15 01:31:33.467100 - Found $$$INDEX.txt (text/plain) in CBT.V508.FILE323.PDS, moved to PDS/$$$INDEX
2025-04-15 01:31:33.467392 - Found $$$SYNTX.txt (text/plain) in CBT.V508.FILE323.PDS, moved to PDS/$$$SYNTX
2025-04-15 01:31:33.467695 - Found $RECEIVE.jcl (text/plain) in CBT.V508.FILE323.PDS, moved to PDS/$RECEIVE
2025-04-15 01:31:33.468010 - Found @FILE323.txt (text/plain) in CBT.V508.FILE323.PDS, moved to PDS/@FILE323
2025-04-15 01:31:33.469137 - Found LOAD.xmi (application/xmit) in CBT.V508.FILE323.PDS, moved to PDS/LOAD.xmi
2025-04-15 01:31:33.574973 - Received TZNICO.REXXFP.LOAD from LOAD.xmi 
2025-04-15 01:31:33.577353 - Found BRANCH.bin (application/octet-stream) in TZNICO.REXXFP.LOAD, moved to LOAD/BRANCH
2025-04-15 01:31:33.577874 - Found B2C.bin (application/octet-stream) in TZNICO.REXXFP.LOAD, moved to LOAD/B2C
2025-04-15 01:31:33.578226 - Found CLS.bin (application/octet-stream) in TZNICO.REXXFP.LOAD, moved to LOAD/CLS
2025-04-15 01:31:33.578519 - Found COMPUM.bin (application/octet-stream) in TZNICO.REXXFP.LOAD, moved to LOAD/COMPUM
2025-04-15 01:31:33.578842 - Found CONCAT.bin (application/octet-stream) in TZNICO.REXXFP.LOAD, moved to LOAD/CONCAT
2025-04-15 01:31:33.579184 - Found C2B.bin (application/octet-stream) in TZNICO.REXXFP.LOAD, moved to LOAD/C2B
2025-04-15 01:31:33.579497 - Found DEFAULT.bin (application/octet-stream) in TZNICO.REXXFP.LOAD, moved to LOAD/DEFAULT
2025-04-15 01:31:33.579817 - Found ENQLIST.bin (application/octet-stream) in TZNICO.REXXFP.LOAD, moved to LOAD/ENQLIST
2025-04-15 01:31:33.580117 - Found FILTER.bin (application/octet-stream) in TZNICO.REXXFP.LOAD, moved to LOAD/FILTER
2025-04-15 01:31:33.580429 - Found FINDCHAR.bin (application/octet-stream) in TZNICO.REXXFP.LOAD, moved to LOAD/FINDCHAR
2025-04-15 01:31:33.580741 - Found FMEMBER.bin (application/octet-stream) in TZNICO.REXXFP.LOAD, moved to LOAD/FMEMBER
2025-04-15 01:31:33.581062 - Found GDG.bin (application/octet-stream) in TZNICO.REXXFP.LOAD, moved to LOAD/GDG
2025-04-15 01:31:33.581241 - Found GJNCNCAT.bin (application/octet-stream) in TZNICO.REXXFP.LOAD, moved to LOAD/GJNCNCAT
2025-04-15 01:31:33.581432 - Found GJNDYN00.bin (application/octet-stream) in TZNICO.REXXFP.LOAD, moved to LOAD/GJNDYN00
2025-04-15 01:31:33.581616 - Found GJNFLTER.bin (application/octet-stream) in TZNICO.REXXFP.LOAD, moved to LOAD/GJNFLTER
2025-04-15 01:31:33.581795 - Found GJNGETJF.bin (application/octet-stream) in TZNICO.REXXFP.LOAD, moved to LOAD/GJNGETJF
2025-04-15 01:31:33.582301 - Found GJNMODSC.bin (application/octet-stream) in TZNICO.REXXFP.LOAD, moved to LOAD/GJNMODSC
2025-04-15 01:31:33.582631 - Found GJNREGDS.bin (application/octet-stream) in TZNICO.REXXFP.LOAD, moved to LOAD/GJNREGDS
2025-04-15 01:31:33.582951 - Found GJNTABLE.bin (application/octet-stream) in TZNICO.REXXFP.LOAD, moved to LOAD/GJNTABLE
2025-04-15 01:31:33.583264 - Found GJNWRITE.bin (application/octet-stream) in TZNICO.REXXFP.LOAD, moved to LOAD/GJNWRITE
2025-04-15 01:31:33.583610 - Found GRG2TOD.bin (application/octet-stream) in TZNICO.REXXFP.LOAD, moved to LOAD/GRG2TOD
2025-04-15 01:31:33.583942 - Found HEXADD.bin (application/octet-stream) in TZNICO.REXXFP.LOAD, moved to LOAD/HEXADD
2025-04-15 01:31:33.584121 - Found IPLDATE.bin (application/octet-stream) in TZNICO.REXXFP.LOAD, moved to LOAD/IPLDATE
2025-04-15 01:31:33.584320 - Found LEAPYEAR.bin (application/octet-stream) in TZNICO.REXXFP.LOAD, moved to LOAD/LEAPYEAR
2025-04-15 01:31:33.584506 - Found LISTDD.bin (application/octet-stream) in TZNICO.REXXFP.LOAD, moved to LOAD/LISTDD
2025-04-15 01:31:33.584711 - Found LISTJF.bin (application/octet-stream) in TZNICO.REXXFP.LOAD, moved to LOAD/LISTJF
2025-04-15 01:31:33.584886 - Found LISTLINK.bin (application/octet-stream) in TZNICO.REXXFP.LOAD, moved to LOAD/LISTLINK
2025-04-15 01:31:33.585191 - Found MALLOC.bin (application/octet-stream) in TZNICO.REXXFP.LOAD, moved to LOAD/MALLOC
2025-04-15 01:31:33.585519 - Found MEMBERS.bin (application/octet-stream) in TZNICO.REXXFP.LOAD, moved to LOAD/MEMBERS
2025-04-15 01:31:33.585838 - Found MFREE.bin (application/octet-stream) in TZNICO.REXXFP.LOAD, moved to LOAD/MFREE
2025-04-15 01:31:33.586172 - Found MLWTO.bin (application/octet-stream) in TZNICO.REXXFP.LOAD, moved to LOAD/MLWTO
2025-04-15 01:31:33.586365 - Found MODLOAD.bin (application/octet-stream) in TZNICO.REXXFP.LOAD, moved to LOAD/MODLOAD
2025-04-15 01:31:33.586581 - Found PERCENT.bin (application/octet-stream) in TZNICO.REXXFP.LOAD, moved to LOAD/PERCENT
2025-04-15 01:31:33.586785 - Found P2D.bin (application/octet-stream) in TZNICO.REXXFP.LOAD, moved to LOAD/P2D
2025-04-15 01:31:33.586971 - Found RACHECK.bin (application/octet-stream) in TZNICO.REXXFP.LOAD, moved to LOAD/RACHECK
2025-04-15 01:31:33.587155 - Found RESOLVE.bin (application/octet-stream) in TZNICO.REXXFP.LOAD, moved to LOAD/RESOLVE
2025-04-15 01:31:33.587351 - Found REXXFP.bin (application/octet-stream) in TZNICO.REXXFP.LOAD, moved to LOAD/REXXFP
2025-04-15 01:31:33.587530 - Found REXXFP10.bin (application/octet-stream) in TZNICO.REXXFP.LOAD, moved to LOAD/REXXFP10
2025-04-15 01:31:33.587723 - Found REXXHC.bin (application/octet-stream) in TZNICO.REXXFP.LOAD, moved to LOAD/REXXHC
2025-04-15 01:31:33.587899 - Found SAYSTAK.bin (application/octet-stream) in TZNICO.REXXFP.LOAD, moved to LOAD/SAYSTAK
2025-04-15 01:31:33.588390 - Found SCANLOAD.bin (application/octet-stream) in TZNICO.REXXFP.LOAD, moved to LOAD/SCANLOAD
2025-04-15 01:31:33.588705 - Found SIZEOF.bin (application/octet-stream) in TZNICO.REXXFP.LOAD, moved to LOAD/SIZEOF
2025-04-15 01:31:33.589004 - Found SLEEP.bin (application/octet-stream) in TZNICO.REXXFP.LOAD, moved to LOAD/SLEEP
2025-04-15 01:31:33.589376 - Found SNAP.bin (application/octet-stream) in TZNICO.REXXFP.LOAD, moved to LOAD/SNAP
2025-04-15 01:31:33.589689 - Found SNAP0000.bin (application/octet-stream) in TZNICO.REXXFP.LOAD, moved to LOAD/SNAP0000
2025-04-15 01:31:33.589850 - Found SNAP0001.bin (application/octet-stream) in TZNICO.REXXFP.LOAD, moved to LOAD/SNAP0001
2025-04-15 01:31:33.590003 - Found SNAP0002.bin (application/octet-stream) in TZNICO.REXXFP.LOAD, moved to LOAD/SNAP0002
2025-04-15 01:31:33.590164 - Found SNAP0003.bin (application/octet-stream) in TZNICO.REXXFP.LOAD, moved to LOAD/SNAP0003
2025-04-15 01:31:33.590343 - Found SNAP0004.bin (application/octet-stream) in TZNICO.REXXFP.LOAD, moved to LOAD/SNAP0004
2025-04-15 01:31:33.590512 - Found SORTSTAK.bin (application/octet-stream) in TZNICO.REXXFP.LOAD, moved to LOAD/SORTSTAK
2025-04-15 01:31:33.590666 - Found SORTSTK0.bin (application/octet-stream) in TZNICO.REXXFP.LOAD, moved to LOAD/SORTSTK0
2025-04-15 01:31:33.590816 - Found SORTSTK1.bin (application/octet-stream) in TZNICO.REXXFP.LOAD, moved to LOAD/SORTSTK1
2025-04-15 01:31:33.590971 - Found SORTSTK2.bin (application/octet-stream) in TZNICO.REXXFP.LOAD, moved to LOAD/SORTSTK2
2025-04-15 01:31:33.591168 - Found SPRINT.bin (application/octet-stream) in TZNICO.REXXFP.LOAD, moved to LOAD/SPRINT
2025-04-15 01:31:33.591391 - Found TASKS.bin (application/octet-stream) in TZNICO.REXXFP.LOAD, moved to LOAD/TASKS
2025-04-15 01:31:33.591613 - Found TM.bin (application/octet-stream) in TZNICO.REXXFP.LOAD, moved to LOAD/TM
2025-04-15 01:31:33.591783 - Found TOD.bin (application/octet-stream) in TZNICO.REXXFP.LOAD, moved to LOAD/TOD
2025-04-15 01:31:33.591935 - Found TODDAY.bin (application/octet-stream) in TZNICO.REXXFP.LOAD, moved to LOAD/TODDAY
2025-04-15 01:31:33.592098 - Found TODDIF.bin (application/octet-stream) in TZNICO.REXXFP.LOAD, moved to LOAD/TODDIF
2025-04-15 01:31:33.592279 - Found TODOFF.bin (application/octet-stream) in TZNICO.REXXFP.LOAD, moved to LOAD/TODOFF
2025-04-15 01:31:33.592473 - Found TOD2GRG.bin (application/octet-stream) in TZNICO.REXXFP.LOAD, moved to LOAD/TOD2GRG
2025-04-15 01:31:33.592672 - Found UNITS.bin (application/octet-stream) in TZNICO.REXXFP.LOAD, moved to LOAD/UNITS
2025-04-15 01:31:33.592865 - Found UNZIP.bin (application/octet-stream) in TZNICO.REXXFP.LOAD, moved to LOAD/UNZIP
2025-04-15 01:31:33.593041 - Found VERLIST.bin (application/octet-stream) in TZNICO.REXXFP.LOAD, moved to LOAD/VERLIST
2025-04-15 01:31:33.593233 - Found WHOAMI.bin (application/octet-stream) in TZNICO.REXXFP.LOAD, moved to LOAD/WHOAMI
2025-04-15 01:31:33.593403 - Found XLATEUM.bin (application/octet-stream) in TZNICO.REXXFP.LOAD, moved to LOAD/XLATEUM
2025-04-15 01:31:33.593592 - Found ZIP.bin (application/octet-stream) in TZNICO.REXXFP.LOAD, moved to LOAD/ZIP
2025-04-15 01:31:33.595117 - Found MACLIB.xmi (application/xmit) in CBT.V508.FILE323.PDS, moved to PDS/MACLIB.xmi
2025-04-15 01:31:33.666403 - Received TZNICO.REXXFP.MACLIB from MACLIB.xmi 
2025-04-15 01:31:33.667448 - Found $CONVERT.txt (text/plain) in TZNICO.REXXFP.MACLIB, moved to MACLIB/$CONVERT
2025-04-15 01:31:33.667949 - Found $DEFL.txt (text/plain) in TZNICO.REXXFP.MACLIB, moved to MACLIB/$DEFL
2025-04-15 01:31:33.668255 - Found $FINDCHR.txt (text/plain) in TZNICO.REXXFP.MACLIB, moved to MACLIB/$FINDCHR
2025-04-15 01:31:33.668554 - Found $GETMASK.txt (text/plain) in TZNICO.REXXFP.MACLIB, moved to MACLIB/$GETMASK
2025-04-15 01:31:33.668857 - Found $GJNLINK.txt (text/plain) in TZNICO.REXXFP.MACLIB, moved to MACLIB/$GJNLINK
2025-04-15 01:31:33.669018 - Found $LOAD.txt (text/plain) in TZNICO.REXXFP.MACLIB, moved to MACLIB/$LOAD
2025-04-15 01:31:33.669184 - Found $PERF.txt (text/plain) in TZNICO.REXXFP.MACLIB, moved to MACLIB/$PERF
2025-04-15 01:31:33.669352 - Found $REGDISP.txt (text/plain) in TZNICO.REXXFP.MACLIB, moved to MACLIB/$REGDISP
2025-04-15 01:31:33.669694 - Found $REXX.txt (text/plain) in TZNICO.REXXFP.MACLIB, moved to MACLIB/$REXX
2025-04-15 01:31:33.669855 - Found $RPT.txt (text/plain) in TZNICO.REXXFP.MACLIB, moved to MACLIB/$RPT
2025-04-15 01:31:33.670169 - Found $VERIFY.txt (text/plain) in TZNICO.REXXFP.MACLIB, moved to MACLIB/$VERIFY
2025-04-15 01:31:33.671173 - Found SAMPLIB.xmi (application/xmit) in CBT.V508.FILE323.PDS, moved to PDS/SAMPLIB.xmi
2025-04-15 01:31:33.945796 - Received TZNICO.REXXFP.SAMPLIB from SAMPLIB.xmi 
2025-04-15 01:31:33.947430 - Found $$$ABOUT.txt (text/plain) in TZNICO.REXXFP.SAMPLIB, moved to SAMPLIB/$$$ABOUT
2025-04-15 01:31:33.947913 - Found $$$DESCR.txt (text/plain) in TZNICO.REXXFP.SAMPLIB, moved to SAMPLIB/$$$DESCR
2025-04-15 01:31:33.948192 - Found $$$INDEX.txt (text/plain) in TZNICO.REXXFP.SAMPLIB, moved to SAMPLIB/$$$INDEX
2025-04-15 01:31:33.948468 - Found $$$SYNTX.txt (text/plain) in TZNICO.REXXFP.SAMPLIB, moved to SAMPLIB/$$$SYNTX
2025-04-15 01:31:33.948744 - Found ASSEMBLE.jcl (text/plain) in TZNICO.REXXFP.SAMPLIB, moved to SAMPLIB/ASSEMBLE
2025-04-15 01:31:33.949020 - Found RXFP1000.rexx (text/plain) in TZNICO.REXXFP.SAMPLIB, moved to SAMPLIB/RXFP1000
2025-04-15 01:31:33.949295 - Found RXFP1001.rexx (text/plain) in TZNICO.REXXFP.SAMPLIB, moved to SAMPLIB/RXFP1001
2025-04-15 01:31:33.949568 - Found RXFP1002.rexx (text/plain) in TZNICO.REXXFP.SAMPLIB, moved to SAMPLIB/RXFP1002
2025-04-15 01:31:33.949864 - Found RXFP1003.rexx (text/plain) in TZNICO.REXXFP.SAMPLIB, moved to SAMPLIB/RXFP1003
2025-04-15 01:31:33.950196 - Found RXFP1004.rexx (text/plain) in TZNICO.REXXFP.SAMPLIB, moved to SAMPLIB/RXFP1004
2025-04-15 01:31:33.950516 - Found RXFP1005.rexx (text/plain) in TZNICO.REXXFP.SAMPLIB, moved to SAMPLIB/RXFP1005
2025-04-15 01:31:33.950808 - Found RXFP1006.rexx (text/plain) in TZNICO.REXXFP.SAMPLIB, moved to SAMPLIB/RXFP1006
2025-04-15 01:31:33.951092 - Found RXFP1007.rexx (text/plain) in TZNICO.REXXFP.SAMPLIB, moved to SAMPLIB/RXFP1007
2025-04-15 01:31:33.951370 - Found RXFP1008.rexx (text/plain) in TZNICO.REXXFP.SAMPLIB, moved to SAMPLIB/RXFP1008
2025-04-15 01:31:33.951654 - Found RXFP1009.rexx (text/plain) in TZNICO.REXXFP.SAMPLIB, moved to SAMPLIB/RXFP1009
2025-04-15 01:31:33.951845 - Found RXFP1010.rexx (text/plain) in TZNICO.REXXFP.SAMPLIB, moved to SAMPLIB/RXFP1010
2025-04-15 01:31:33.952018 - Found RXFP1011.rexx (text/plain) in TZNICO.REXXFP.SAMPLIB, moved to SAMPLIB/RXFP1011
2025-04-15 01:31:33.952205 - Found RXFP1012.rexx (text/plain) in TZNICO.REXXFP.SAMPLIB, moved to SAMPLIB/RXFP1012
2025-04-15 01:31:33.952377 - Found RXFP1013.rexx (text/plain) in TZNICO.REXXFP.SAMPLIB, moved to SAMPLIB/RXFP1013
2025-04-15 01:31:33.952656 - Found RXFP1014.rexx (text/plain) in TZNICO.REXXFP.SAMPLIB, moved to SAMPLIB/RXFP1014
2025-04-15 01:31:33.952932 - Found RXFP1015.rexx (text/plain) in TZNICO.REXXFP.SAMPLIB, moved to SAMPLIB/RXFP1015
2025-04-15 01:31:33.953216 - Found RXFP1016.rexx (text/plain) in TZNICO.REXXFP.SAMPLIB, moved to SAMPLIB/RXFP1016
2025-04-15 01:31:33.953499 - Found RXFP1017.rexx (text/plain) in TZNICO.REXXFP.SAMPLIB, moved to SAMPLIB/RXFP1017
2025-04-15 01:31:33.953812 - Found RXFP1018.rexx (text/plain) in TZNICO.REXXFP.SAMPLIB, moved to SAMPLIB/RXFP1018
2025-04-15 01:31:33.954104 - Found RXFP1019.rexx (text/plain) in TZNICO.REXXFP.SAMPLIB, moved to SAMPLIB/RXFP1019
2025-04-15 01:31:33.954438 - Found RXFP1020.rexx (text/plain) in TZNICO.REXXFP.SAMPLIB, moved to SAMPLIB/RXFP1020
2025-04-15 01:31:33.954760 - Found RXFP1021.rexx (text/plain) in TZNICO.REXXFP.SAMPLIB, moved to SAMPLIB/RXFP1021
2025-04-15 01:31:33.955101 - Found RXFP1022.rexx (text/plain) in TZNICO.REXXFP.SAMPLIB, moved to SAMPLIB/RXFP1022
2025-04-15 01:31:33.955435 - Found RXFP1023.rexx (text/plain) in TZNICO.REXXFP.SAMPLIB, moved to SAMPLIB/RXFP1023
2025-04-15 01:31:33.955731 - Found RXFP1024.rexx (text/plain) in TZNICO.REXXFP.SAMPLIB, moved to SAMPLIB/RXFP1024
2025-04-15 01:31:33.956019 - Found RXFP1025.rexx (text/plain) in TZNICO.REXXFP.SAMPLIB, moved to SAMPLIB/RXFP1025
2025-04-15 01:31:33.956306 - Found RXFP1027.rexx (text/plain) in TZNICO.REXXFP.SAMPLIB, moved to SAMPLIB/RXFP1027
2025-04-15 01:31:33.956582 - Found RXFP1028.rexx (text/plain) in TZNICO.REXXFP.SAMPLIB, moved to SAMPLIB/RXFP1028
2025-04-15 01:31:33.956918 - Found RXFP1029.rexx (text/plain) in TZNICO.REXXFP.SAMPLIB, moved to SAMPLIB/RXFP1029
2025-04-15 01:31:33.957266 - Found RXFP1030.rexx (text/plain) in TZNICO.REXXFP.SAMPLIB, moved to SAMPLIB/RXFP1030
2025-04-15 01:31:33.957606 - Found RXFP1031.rexx (text/plain) in TZNICO.REXXFP.SAMPLIB, moved to SAMPLIB/RXFP1031
2025-04-15 01:31:33.957924 - Found RXFP1032.rexx (text/plain) in TZNICO.REXXFP.SAMPLIB, moved to SAMPLIB/RXFP1032
2025-04-15 01:31:33.958225 - Found RXFP1033.rexx (text/plain) in TZNICO.REXXFP.SAMPLIB, moved to SAMPLIB/RXFP1033
2025-04-15 01:31:33.958508 - Found RXFP1034.rexx (text/plain) in TZNICO.REXXFP.SAMPLIB, moved to SAMPLIB/RXFP1034
2025-04-15 01:31:33.958788 - Found RXFP1035.rexx (text/plain) in TZNICO.REXXFP.SAMPLIB, moved to SAMPLIB/RXFP1035
2025-04-15 01:31:33.959068 - Found RXFP1036.rexx (text/plain) in TZNICO.REXXFP.SAMPLIB, moved to SAMPLIB/RXFP1036
2025-04-15 01:31:33.959362 - Found RXFP1037.rexx (text/plain) in TZNICO.REXXFP.SAMPLIB, moved to SAMPLIB/RXFP1037
2025-04-15 01:31:33.959647 - Found RXFP1038.rexx (text/plain) in TZNICO.REXXFP.SAMPLIB, moved to SAMPLIB/RXFP1038
2025-04-15 01:31:33.961618 - Found SRCLIB.xmi (application/xmit) in CBT.V508.FILE323.PDS, moved to PDS/SRCLIB.xmi
2025-04-15 01:31:34.372104 - Received TZNICO.REXXFP.SRCLIB from SRCLIB.xmi 
2025-04-15 01:31:34.374522 - Found ACF2WHO.txt (text/plain) in TZNICO.REXXFP.SRCLIB, moved to SRCLIB/ACF2WHO
2025-04-15 01:31:34.374860 - Found BRANCH.txt (text/plain) in TZNICO.REXXFP.SRCLIB, moved to SRCLIB/BRANCH
2025-04-15 01:31:34.375174 - Found B2C.txt (text/plain) in TZNICO.REXXFP.SRCLIB, moved to SRCLIB/B2C
2025-04-15 01:31:34.375464 - Found CLS.txt (text/plain) in TZNICO.REXXFP.SRCLIB, moved to SRCLIB/CLS
2025-04-15 01:31:34.375768 - Found COMPUM.txt (text/plain) in TZNICO.REXXFP.SRCLIB, moved to SRCLIB/COMPUM
2025-04-15 01:31:34.376084 - Found CONCAT.txt (text/plain) in TZNICO.REXXFP.SRCLIB, moved to SRCLIB/CONCAT
2025-04-15 01:31:34.376388 - Found C2B.txt (text/plain) in TZNICO.REXXFP.SRCLIB, moved to SRCLIB/C2B
2025-04-15 01:31:34.376682 - Found DEFAULT.txt (text/plain) in TZNICO.REXXFP.SRCLIB, moved to SRCLIB/DEFAULT
2025-04-15 01:31:34.376991 - Found ENQLIST.txt (text/plain) in TZNICO.REXXFP.SRCLIB, moved to SRCLIB/ENQLIST
2025-04-15 01:31:34.377189 - Found FILTER.txt (text/plain) in TZNICO.REXXFP.SRCLIB, moved to SRCLIB/FILTER
2025-04-15 01:31:34.377411 - Found FINDCHAR.txt (text/plain) in TZNICO.REXXFP.SRCLIB, moved to SRCLIB/FINDCHAR
2025-04-15 01:31:34.377717 - Found FMEMBER.txt (text/plain) in TZNICO.REXXFP.SRCLIB, moved to SRCLIB/FMEMBER
2025-04-15 01:31:34.378016 - Found GDG.txt (text/plain) in TZNICO.REXXFP.SRCLIB, moved to SRCLIB/GDG
2025-04-15 01:31:34.378358 - Found GJNCNCAT.txt (text/plain) in TZNICO.REXXFP.SRCLIB, moved to SRCLIB/GJNCNCAT
2025-04-15 01:31:34.378652 - Found GJNDYN00.txt (text/plain) in TZNICO.REXXFP.SRCLIB, moved to SRCLIB/GJNDYN00
2025-04-15 01:31:34.378946 - Found GJNFLTER.txt (text/plain) in TZNICO.REXXFP.SRCLIB, moved to SRCLIB/GJNFLTER
2025-04-15 01:31:34.379240 - Found GJNGETJF.txt (text/plain) in TZNICO.REXXFP.SRCLIB, moved to SRCLIB/GJNGETJF
2025-04-15 01:31:34.379550 - Found GJNMODSC.txt (text/plain) in TZNICO.REXXFP.SRCLIB, moved to SRCLIB/GJNMODSC
2025-04-15 01:31:34.379843 - Found GJNREGDS.txt (text/plain) in TZNICO.REXXFP.SRCLIB, moved to SRCLIB/GJNREGDS
2025-04-15 01:31:34.380157 - Found GJNTABLE.txt (text/plain) in TZNICO.REXXFP.SRCLIB, moved to SRCLIB/GJNTABLE
2025-04-15 01:31:34.380458 - Found GJNWRITE.txt (text/plain) in TZNICO.REXXFP.SRCLIB, moved to SRCLIB/GJNWRITE
2025-04-15 01:31:34.380799 - Found GRG2TOD.txt (text/plain) in TZNICO.REXXFP.SRCLIB, moved to SRCLIB/GRG2TOD
2025-04-15 01:31:34.381134 - Found HEXADD.txt (text/plain) in TZNICO.REXXFP.SRCLIB, moved to SRCLIB/HEXADD
2025-04-15 01:31:34.381341 - Found IPLDATE.txt (text/plain) in TZNICO.REXXFP.SRCLIB, moved to SRCLIB/IPLDATE
2025-04-15 01:31:34.381525 - Found LEAPYEAR.txt (text/plain) in TZNICO.REXXFP.SRCLIB, moved to SRCLIB/LEAPYEAR
2025-04-15 01:31:34.381755 - Found LISTDD.txt (text/plain) in TZNICO.REXXFP.SRCLIB, moved to SRCLIB/LISTDD
2025-04-15 01:31:34.381947 - Found LISTJF.txt (text/plain) in TZNICO.REXXFP.SRCLIB, moved to SRCLIB/LISTJF
2025-04-15 01:31:34.382128 - Found LISTLINK.txt (text/plain) in TZNICO.REXXFP.SRCLIB, moved to SRCLIB/LISTLINK
2025-04-15 01:31:34.382307 - Found MALLOC.txt (text/plain) in TZNICO.REXXFP.SRCLIB, moved to SRCLIB/MALLOC
2025-04-15 01:31:34.382533 - Found MEMBERS.txt (text/plain) in TZNICO.REXXFP.SRCLIB, moved to SRCLIB/MEMBERS
2025-04-15 01:31:34.382724 - Found MFREE.txt (text/plain) in TZNICO.REXXFP.SRCLIB, moved to SRCLIB/MFREE
2025-04-15 01:31:34.382910 - Found MLWTO.txt (text/plain) in TZNICO.REXXFP.SRCLIB, moved to SRCLIB/MLWTO
2025-04-15 01:31:34.383083 - Found MODLOAD.txt (text/plain) in TZNICO.REXXFP.SRCLIB, moved to SRCLIB/MODLOAD
2025-04-15 01:31:34.383254 - Found PERCENT.txt (text/plain) in TZNICO.REXXFP.SRCLIB, moved to SRCLIB/PERCENT
2025-04-15 01:31:34.383435 - Found P2D.txt (text/plain) in TZNICO.REXXFP.SRCLIB, moved to SRCLIB/P2D
2025-04-15 01:31:34.383592 - Found RACHECK.txt (text/plain) in TZNICO.REXXFP.SRCLIB, moved to SRCLIB/RACHECK
2025-04-15 01:31:34.383771 - Found RESOLVE.txt (text/plain) in TZNICO.REXXFP.SRCLIB, moved to SRCLIB/RESOLVE
2025-04-15 01:31:34.383923 - Found REXXFP.txt (text/plain) in TZNICO.REXXFP.SRCLIB, moved to SRCLIB/REXXFP
2025-04-15 01:31:34.384078 - Found REXXFP10.txt (text/plain) in TZNICO.REXXFP.SRCLIB, moved to SRCLIB/REXXFP10
2025-04-15 01:31:34.384261 - Found REXXHC.txt (text/plain) in TZNICO.REXXFP.SRCLIB, moved to SRCLIB/REXXHC
2025-04-15 01:31:34.384424 - Found SAYSTAK.txt (text/plain) in TZNICO.REXXFP.SRCLIB, moved to SRCLIB/SAYSTAK
2025-04-15 01:31:34.384592 - Found SCANLOAD.txt (text/plain) in TZNICO.REXXFP.SRCLIB, moved to SRCLIB/SCANLOAD
2025-04-15 01:31:34.384762 - Found SIZEOF.txt (text/plain) in TZNICO.REXXFP.SRCLIB, moved to SRCLIB/SIZEOF
2025-04-15 01:31:34.384927 - Found SLEEP.txt (text/plain) in TZNICO.REXXFP.SRCLIB, moved to SRCLIB/SLEEP
2025-04-15 01:31:34.385095 - Found SNAP.txt (text/plain) in TZNICO.REXXFP.SRCLIB, moved to SRCLIB/SNAP
2025-04-15 01:31:34.385256 - Found SNAP0000.txt (text/plain) in TZNICO.REXXFP.SRCLIB, moved to SRCLIB/SNAP0000
2025-04-15 01:31:34.385423 - Found SNAP0001.txt (text/plain) in TZNICO.REXXFP.SRCLIB, moved to SRCLIB/SNAP0001
2025-04-15 01:31:34.385585 - Found SNAP0002.txt (text/plain) in TZNICO.REXXFP.SRCLIB, moved to SRCLIB/SNAP0002
2025-04-15 01:31:34.385740 - Found SNAP0003.txt (text/plain) in TZNICO.REXXFP.SRCLIB, moved to SRCLIB/SNAP0003
2025-04-15 01:31:34.385915 - Found SNAP0004.txt (text/plain) in TZNICO.REXXFP.SRCLIB, moved to SRCLIB/SNAP0004
2025-04-15 01:31:34.386086 - Found SORTSTAK.txt (text/plain) in TZNICO.REXXFP.SRCLIB, moved to SRCLIB/SORTSTAK
2025-04-15 01:31:34.386263 - Found SORTSTK0.txt (text/plain) in TZNICO.REXXFP.SRCLIB, moved to SRCLIB/SORTSTK0
2025-04-15 01:31:34.386550 - Found SORTSTK1.txt (text/plain) in TZNICO.REXXFP.SRCLIB, moved to SRCLIB/SORTSTK1
2025-04-15 01:31:34.386843 - Found SORTSTK2.txt (text/plain) in TZNICO.REXXFP.SRCLIB, moved to SRCLIB/SORTSTK2
2025-04-15 01:31:34.387169 - Found SPRINT.txt (text/plain) in TZNICO.REXXFP.SRCLIB, moved to SRCLIB/SPRINT
2025-04-15 01:31:34.387488 - Found TASKS.txt (text/plain) in TZNICO.REXXFP.SRCLIB, moved to SRCLIB/TASKS
2025-04-15 01:31:34.387650 - Found TM.txt (text/plain) in TZNICO.REXXFP.SRCLIB, moved to SRCLIB/TM
2025-04-15 01:31:34.387807 - Found TOD.txt (text/plain) in TZNICO.REXXFP.SRCLIB, moved to SRCLIB/TOD
2025-04-15 01:31:34.387977 - Found TODDAY.txt (text/plain) in TZNICO.REXXFP.SRCLIB, moved to SRCLIB/TODDAY
2025-04-15 01:31:34.388142 - Found TODDIF.txt (text/plain) in TZNICO.REXXFP.SRCLIB, moved to SRCLIB/TODDIF
2025-04-15 01:31:34.388333 - Found TODOFF.txt (text/plain) in TZNICO.REXXFP.SRCLIB, moved to SRCLIB/TODOFF
2025-04-15 01:31:34.388495 - Found TOD2GRG.txt (text/plain) in TZNICO.REXXFP.SRCLIB, moved to SRCLIB/TOD2GRG
2025-04-15 01:31:34.388644 - Found UNITS.txt (text/plain) in TZNICO.REXXFP.SRCLIB, moved to SRCLIB/UNITS
2025-04-15 01:31:34.388845 - Found UNZIP.txt (text/plain) in TZNICO.REXXFP.SRCLIB, moved to SRCLIB/UNZIP
2025-04-15 01:31:34.389015 - Found VERLIST.txt (text/plain) in TZNICO.REXXFP.SRCLIB, moved to SRCLIB/VERLIST
2025-04-15 01:31:34.389205 - Found WHOAMI.txt (text/plain) in TZNICO.REXXFP.SRCLIB, moved to SRCLIB/WHOAMI
2025-04-15 01:31:34.389377 - Found XLATEUM.txt (text/plain) in TZNICO.REXXFP.SRCLIB, moved to SRCLIB/XLATEUM
2025-04-15 01:31:34.389564 - Found ZIP.txt (text/plain) in TZNICO.REXXFP.SRCLIB, moved to SRCLIB/ZIP
